[2026-09-20T16:50:41.840+0000] {local_task_job_runner.py:120} INFO - ::group::Pre task execution logs
[2026-09-20T16:50:41.928+0000] {taskinstance.py:2076} INFO - Dependencies all met for dep_context=non-requeueable deps ti=<TaskInstance: weather_risk_pipeline.load_to_postgres manual__2026-09-20T16:50:22.777702+00:00 [queued]>
[2026-09-20T16:50:41.949+0000] {taskinstance.py:2076} INFO - Dependencies all met for dep_context=requeueable deps ti=<TaskInstance: weather_risk_pipeline.load_to_postgres manual__2026-09-20T16:50:22.777702+00:00 [queued]>
[2026-09-20T16:50:41.949+0000] {taskinstance.py:2306} INFO - Starting attempt 1 of 2
[2026-09-20T16:50:41.982+0000] {taskinstance.py:2330} INFO - Executing <Task(PythonOperator): load_to_postgres> on 2026-09-20 16:50:22.777702+00:00
[2026-09-20T16:50:41.996+0000] {standard_task_runner.py:90} INFO - Running: ['***', 'tasks', 'run', 'weather_risk_pipeline', 'load_to_postgres', 'manual__2026-09-20T16:50:22.777702+00:00', '--job-id', '25', '--raw', '--subdir', 'DAGS_FOLDER/weather_risk_dag.py', '--cfg-path', '/tmp/tmpi_bju6rj']
[2026-09-20T16:50:42.000+0000] {standard_task_runner.py:91} INFO - Job 25: Subtask load_to_postgres
[2026-09-20T16:50:42.001+0000] {logging_mixin.py:188} WARNING - /home/***/.local/lib/python3.12/site-packages/***/task/task_runner/standard_task_runner.py:62 DeprecationWarning: This process (pid=760) is multi-threaded, use of fork() may lead to deadlocks in the child.
[2026-09-20T16:50:42.002+0000] {standard_task_runner.py:64} INFO - Started process 763 to run task
[2026-09-20T16:50:42.124+0000] {task_command.py:426} INFO - Running <TaskInstance: weather_risk_pipeline.load_to_postgres manual__2026-09-20T16:50:22.777702+00:00 [running]> on host 138eb0e6e647
[2026-09-20T16:50:42.621+0000] {taskinstance.py:2648} INFO - Exporting env vars: AIRFLOW_CTX_DAG_OWNER='***' AIRFLOW_CTX_DAG_ID='weather_risk_pipeline' AIRFLOW_CTX_TASK_ID='load_to_postgres' AIRFLOW_CTX_EXECUTION_DATE='2026-09-20T16:50:22.777702+00:00' AIRFLOW_CTX_TRY_NUMBER='1' AIRFLOW_CTX_DAG_RUN_ID='manual__2026-09-20T16:50:22.777702+00:00'
[2026-09-20T16:50:42.623+0000] {taskinstance.py:430} INFO - ::endgroup::
[2026-09-20T16:50:42.833+0000] {taskinstance.py:441} INFO - ::group::Post task execution logs
[2026-09-20T16:50:42.834+0000] {taskinstance.py:2905} ERROR - Task failed with exception
Traceback (most recent call last):
  File "/home/airflow/.local/lib/python3.12/site-packages/airflow/models/taskinstance.py", line 465, in _execute_task
    result = _execute_callable(context=context, **execute_callable_kwargs)
             ^^^^^^^^^^^^^^^^^^^^^^^^^^^^^^^^^^^^^^^^^^^^^^^^^^^^^^^^^^^^^
  File "/home/airflow/.local/lib/python3.12/site-packages/airflow/models/taskinstance.py", line 432, in _execute_callable
    return execute_callable(context=context, **execute_callable_kwargs)
           ^^^^^^^^^^^^^^^^^^^^^^^^^^^^^^^^^^^^^^^^^^^^^^^^^^^^^^^^^^^^
  File "/home/airflow/.local/lib/python3.12/site-packages/airflow/models/baseoperator.py", line 401, in wrapper
    return func(self, *args, **kwargs)
           ^^^^^^^^^^^^^^^^^^^^^^^^^^^
  File "/home/airflow/.local/lib/python3.12/site-packages/airflow/operators/python.py", line 235, in execute
    return_value = self.execute_callable()
                   ^^^^^^^^^^^^^^^^^^^^^^^
  File "/home/airflow/.local/lib/python3.12/site-packages/airflow/operators/python.py", line 252, in execute_callable
    return self.python_callable(*self.op_args, **self.op_kwargs)
           ^^^^^^^^^^^^^^^^^^^^^^^^^^^^^^^^^^^^^^^^^^^^^^^^^^^^^
  File "/opt/project/src/load/load_to_postgres.py", line 141, in run_gold
    upsert_cities(df, engine)
  File "/opt/project/src/load/load_to_postgres.py", line 72, in upsert_cities
    conn.commit()
    ^^^^^^^^^^^
AttributeError: 'Connection' object has no attribute 'commit'
[2026-09-20T16:50:42.865+0000] {taskinstance.py:1206} INFO - Marking task as UP_FOR_RETRY. dag_id=weather_risk_pipeline, task_id=load_to_postgres, run_id=manual__2026-09-20T16:50:22.777702+00:00, execution_date=20260920T165022, start_date=20260920T165041, end_date=20260920T165042
[2026-09-20T16:50:42.890+0000] {standard_task_runner.py:110} ERROR - Failed to execute job 25 for task load_to_postgres ('Connection' object has no attribute 'commit'; 763)
[2026-09-20T16:50:42.940+0000] {local_task_job_runner.py:243} INFO - Task exited with return code 1
[2026-09-20T16:50:42.982+0000] {taskinstance.py:3503} INFO - 0 downstream tasks scheduled from follow-on schedule check
[2026-09-20T16:50:42.984+0000] {local_task_job_runner.py:222} INFO - ::endgroup::
