[2026-09-20T16:50:41.845+0000] {local_task_job_runner.py:120} INFO - ::group::Pre task execution logs
[2026-09-20T16:50:41.930+0000] {taskinstance.py:2076} INFO - Dependencies all met for dep_context=non-requeueable deps ti=<TaskInstance: weather_risk_pipeline.load_to_postgres scheduled__2026-09-19T00:00:00+00:00 [queued]>
[2026-09-20T16:50:41.949+0000] {taskinstance.py:2076} INFO - Dependencies all met for dep_context=requeueable deps ti=<TaskInstance: weather_risk_pipeline.load_to_postgres scheduled__2026-09-19T00:00:00+00:00 [queued]>
[2026-09-20T16:50:41.949+0000] {taskinstance.py:2306} INFO - Starting attempt 1 of 2
[2026-09-20T16:50:41.983+0000] {taskinstance.py:2330} INFO - Executing <Task(PythonOperator): load_to_postgres> on 2026-09-19 00:00:00+00:00
[2026-09-20T16:50:42.002+0000] {standard_task_runner.py:90} INFO - Running: ['***', 'tasks', 'run', 'weather_risk_pipeline', 'load_to_postgres', 'scheduled__2026-09-19T00:00:00+00:00', '--job-id', '26', '--raw', '--subdir', 'DAGS_FOLDER/weather_risk_dag.py', '--cfg-path', '/tmp/tmp35lg9mzy']
[2026-09-20T16:50:42.007+0000] {standard_task_runner.py:91} INFO - Job 26: Subtask load_to_postgres
[2026-09-20T16:50:42.011+0000] {logging_mixin.py:188} WARNING - /home/***/.local/lib/python3.12/site-packages/***/task/task_runner/standard_task_runner.py:62 DeprecationWarning: This process (pid=759) is multi-threaded, use of fork() may lead to deadlocks in the child.
[2026-09-20T16:50:42.012+0000] {standard_task_runner.py:64} INFO - Started process 764 to run task
[2026-09-20T16:50:42.132+0000] {task_command.py:426} INFO - Running <TaskInstance: weather_risk_pipeline.load_to_postgres scheduled__2026-09-19T00:00:00+00:00 [running]> on host 138eb0e6e647
[2026-09-20T16:50:42.626+0000] {taskinstance.py:2648} INFO - Exporting env vars: AIRFLOW_CTX_DAG_OWNER='***' AIRFLOW_CTX_DAG_ID='weather_risk_pipeline' AIRFLOW_CTX_TASK_ID='load_to_postgres' AIRFLOW_CTX_EXECUTION_DATE='2026-09-19T00:00:00+00:00' AIRFLOW_CTX_TRY_NUMBER='1' AIRFLOW_CTX_DAG_RUN_ID='scheduled__2026-09-19T00:00:00+00:00'
[2026-09-20T16:50:42.628+0000] {taskinstance.py:430} INFO - ::endgroup::
[2026-09-20T16:50:42.838+0000] {taskinstance.py:441} INFO - ::group::Post task execution logs
[2026-09-20T16:50:42.839+0000] {taskinstance.py:2905} ERROR - Task failed with exception
Traceback (most recent call last):
  File "/home/airflow/.local/lib/python3.12/site-packages/airflow/models/taskinstance.py", line 465, in _execute_task
    result = _execute_callable(context=context, **execute_callable_kwargs)
             ^^^^^^^^^^^^^^^^^^^^^^^^^^^^^^^^^^^^^^^^^^^^^^^^^^^^^^^^^^^^^
  File "/home/airflow/.local/lib/python3.12/site-packages/airflow/models/taskinstance.py", line 432, in _execute_callable
    return execute_callable(context=context, **execute_callable_kwargs)
           ^^^^^^^^^^^^^^^^^^^^^^^^^^^^^^^^^^^^^^^^^^^^^^^^^^^^^^^^^^^^
  File "/home/airflow/.local/lib/python3.12/site-packages/airflow/models/baseoperator.py", line 401, in wrapper
    return func(self, *args, **kwargs)
           ^^^^^^^^^^^^^^^^^^^^^^^^^^^
  File "/home/airflow/.local/lib/python3.12/site-packages/airflow/operators/python.py", line 235, in execute
    return_value = self.execute_callable()
                   ^^^^^^^^^^^^^^^^^^^^^^^
  File "/home/airflow/.local/lib/python3.12/site-packages/airflow/operators/python.py", line 252, in execute_callable
    return self.python_callable(*self.op_args, **self.op_kwargs)
           ^^^^^^^^^^^^^^^^^^^^^^^^^^^^^^^^^^^^^^^^^^^^^^^^^^^^^
  File "/opt/project/src/load/load_to_postgres.py", line 141, in run_gold
    upsert_cities(df, engine)
  File "/opt/project/src/load/load_to_postgres.py", line 72, in upsert_cities
    conn.commit()
    ^^^^^^^^^^^
AttributeError: 'Connection' object has no attribute 'commit'
[2026-09-20T16:50:42.867+0000] {taskinstance.py:1206} INFO - Marking task as UP_FOR_RETRY. dag_id=weather_risk_pipeline, task_id=load_to_postgres, run_id=scheduled__2026-09-19T00:00:00+00:00, execution_date=20260919T000000, start_date=20260920T165041, end_date=20260920T165042
[2026-09-20T16:50:42.893+0000] {standard_task_runner.py:110} ERROR - Failed to execute job 26 for task load_to_postgres ('Connection' object has no attribute 'commit'; 764)
[2026-09-20T16:50:42.951+0000] {local_task_job_runner.py:243} INFO - Task exited with return code 1
[2026-09-20T16:50:42.993+0000] {taskinstance.py:3503} INFO - 0 downstream tasks scheduled from follow-on schedule check
[2026-09-20T16:50:42.997+0000] {local_task_job_runner.py:222} INFO - ::endgroup::
[2026-09-20T17:00:47.404+0000] {local_task_job_runner.py:120} INFO - ::group::Pre task execution logs
[2026-09-20T17:00:47.505+0000] {taskinstance.py:2076} INFO - Dependencies all met for dep_context=non-requeueable deps ti=<TaskInstance: weather_risk_pipeline.load_to_postgres scheduled__2026-09-19T00:00:00+00:00 [queued]>
[2026-09-20T17:00:47.529+0000] {taskinstance.py:2076} INFO - Dependencies all met for dep_context=requeueable deps ti=<TaskInstance: weather_risk_pipeline.load_to_postgres scheduled__2026-09-19T00:00:00+00:00 [queued]>
[2026-09-20T17:00:47.530+0000] {taskinstance.py:2306} INFO - Starting attempt 1 of 2
[2026-09-20T17:00:47.559+0000] {taskinstance.py:2330} INFO - Executing <Task(PythonOperator): load_to_postgres> on 2026-09-19 00:00:00+00:00
[2026-09-20T17:00:47.577+0000] {standard_task_runner.py:90} INFO - Running: ['***', 'tasks', 'run', 'weather_risk_pipeline', 'load_to_postgres', 'scheduled__2026-09-19T00:00:00+00:00', '--job-id', '36', '--raw', '--subdir', 'DAGS_FOLDER/weather_risk_dag.py', '--cfg-path', '/tmp/tmps2f4p0y6']
[2026-09-20T17:00:47.581+0000] {standard_task_runner.py:91} INFO - Job 36: Subtask load_to_postgres
[2026-09-20T17:00:47.587+0000] {logging_mixin.py:188} WARNING - /home/***/.local/lib/python3.12/site-packages/***/task/task_runner/standard_task_runner.py:62 DeprecationWarning: This process (pid=953) is multi-threaded, use of fork() may lead to deadlocks in the child.
[2026-09-20T17:00:47.588+0000] {standard_task_runner.py:64} INFO - Started process 957 to run task
[2026-09-20T17:00:47.722+0000] {task_command.py:426} INFO - Running <TaskInstance: weather_risk_pipeline.load_to_postgres scheduled__2026-09-19T00:00:00+00:00 [running]> on host 138eb0e6e647
[2026-09-20T17:00:48.241+0000] {taskinstance.py:2648} INFO - Exporting env vars: AIRFLOW_CTX_DAG_OWNER='***' AIRFLOW_CTX_DAG_ID='weather_risk_pipeline' AIRFLOW_CTX_TASK_ID='load_to_postgres' AIRFLOW_CTX_EXECUTION_DATE='2026-09-19T00:00:00+00:00' AIRFLOW_CTX_TRY_NUMBER='1' AIRFLOW_CTX_DAG_RUN_ID='scheduled__2026-09-19T00:00:00+00:00'
[2026-09-20T17:00:48.243+0000] {taskinstance.py:430} INFO - ::endgroup::
[2026-09-20T17:00:48.876+0000] {logging_mixin.py:188} INFO - 140 rows loaded to PostgreSQL
[2026-09-20T17:00:48.877+0000] {python.py:237} INFO - Done. Returned value was: None
[2026-09-20T17:00:48.877+0000] {taskinstance.py:441} INFO - ::group::Post task execution logs
[2026-09-20T17:00:48.904+0000] {taskinstance.py:1206} INFO - Marking task as SUCCESS. dag_id=weather_risk_pipeline, task_id=load_to_postgres, run_id=scheduled__2026-09-19T00:00:00+00:00, execution_date=20260919T000000, start_date=20260920T170047, end_date=20260920T170048
[2026-09-20T17:00:48.967+0000] {local_task_job_runner.py:243} INFO - Task exited with return code 0
[2026-09-20T17:00:49.009+0000] {taskinstance.py:3503} INFO - 0 downstream tasks scheduled from follow-on schedule check
[2026-09-20T17:00:49.012+0000] {local_task_job_runner.py:222} INFO - ::endgroup::
