[2026-09-20T17:00:00.520+0000] {local_task_job_runner.py:120} INFO - ::group::Pre task execution logs
[2026-09-20T17:00:00.636+0000] {taskinstance.py:2076} INFO - Dependencies all met for dep_context=non-requeueable deps ti=<TaskInstance: weather_risk_pipeline.clean_silver manual__2026-09-20T16:59:43.480352+00:00 [queued]>
[2026-09-20T17:00:00.657+0000] {taskinstance.py:2076} INFO - Dependencies all met for dep_context=requeueable deps ti=<TaskInstance: weather_risk_pipeline.clean_silver manual__2026-09-20T16:59:43.480352+00:00 [queued]>
[2026-09-20T17:00:00.658+0000] {taskinstance.py:2306} INFO - Starting attempt 1 of 2
[2026-09-20T17:00:00.698+0000] {taskinstance.py:2330} INFO - Executing <Task(PythonOperator): clean_silver> on 2026-09-20 16:59:43.480352+00:00
[2026-09-20T17:00:00.715+0000] {standard_task_runner.py:90} INFO - Running: ['***', 'tasks', 'run', 'weather_risk_pipeline', 'clean_silver', 'manual__2026-09-20T16:59:43.480352+00:00', '--job-id', '32', '--raw', '--subdir', 'DAGS_FOLDER/weather_risk_dag.py', '--cfg-path', '/tmp/tmpsuz_l85s']
[2026-09-20T17:00:00.720+0000] {standard_task_runner.py:91} INFO - Job 32: Subtask clean_silver
[2026-09-20T17:00:00.723+0000] {logging_mixin.py:188} WARNING - /home/***/.local/lib/python3.12/site-packages/***/task/task_runner/standard_task_runner.py:62 DeprecationWarning: This process (pid=920) is multi-threaded, use of fork() may lead to deadlocks in the child.
[2026-09-20T17:00:00.724+0000] {standard_task_runner.py:64} INFO - Started process 922 to run task
[2026-09-20T17:00:00.816+0000] {task_command.py:426} INFO - Running <TaskInstance: weather_risk_pipeline.clean_silver manual__2026-09-20T16:59:43.480352+00:00 [running]> on host 138eb0e6e647
[2026-09-20T17:00:01.240+0000] {taskinstance.py:2648} INFO - Exporting env vars: AIRFLOW_CTX_DAG_OWNER='***' AIRFLOW_CTX_DAG_ID='weather_risk_pipeline' AIRFLOW_CTX_TASK_ID='clean_silver' AIRFLOW_CTX_EXECUTION_DATE='2026-09-20T16:59:43.480352+00:00' AIRFLOW_CTX_TRY_NUMBER='1' AIRFLOW_CTX_DAG_RUN_ID='manual__2026-09-20T16:59:43.480352+00:00'
[2026-09-20T17:00:01.242+0000] {taskinstance.py:430} INFO - ::endgroup::
[2026-09-20T17:00:01.293+0000] {logging_mixin.py:188} INFO - dropped 0 null rows
[2026-09-20T17:00:01.352+0000] {logging_mixin.py:188} INFO - 140 rows written to /opt/project/data/silver/weather_clean.parquet
[2026-09-20T17:00:01.353+0000] {python.py:237} INFO - Done. Returned value was: /opt/project/data/silver/weather_clean.parquet
[2026-09-20T17:00:01.353+0000] {taskinstance.py:441} INFO - ::group::Post task execution logs
[2026-09-20T17:00:01.417+0000] {taskinstance.py:1206} INFO - Marking task as SUCCESS. dag_id=weather_risk_pipeline, task_id=clean_silver, run_id=manual__2026-09-20T16:59:43.480352+00:00, execution_date=20260920T165943, start_date=20260920T170000, end_date=20260920T170001
[2026-09-20T17:00:01.501+0000] {local_task_job_runner.py:243} INFO - Task exited with return code 0
[2026-09-20T17:00:01.547+0000] {taskinstance.py:3503} INFO - 1 downstream tasks scheduled from follow-on schedule check
[2026-09-20T17:00:01.551+0000] {local_task_job_runner.py:222} INFO - ::endgroup::
