[2026-09-20T16:50:24.114+0000] {local_task_job_runner.py:120} INFO - ::group::Pre task execution logs
[2026-09-20T16:50:24.215+0000] {taskinstance.py:2076} INFO - Dependencies all met for dep_context=non-requeueable deps ti=<TaskInstance: weather_risk_pipeline.extract_weather manual__2026-09-20T16:50:22.777702+00:00 [queued]>
[2026-09-20T16:50:24.233+0000] {taskinstance.py:2076} INFO - Dependencies all met for dep_context=requeueable deps ti=<TaskInstance: weather_risk_pipeline.extract_weather manual__2026-09-20T16:50:22.777702+00:00 [queued]>
[2026-09-20T16:50:24.234+0000] {taskinstance.py:2306} INFO - Starting attempt 1 of 2
[2026-09-20T16:50:24.266+0000] {taskinstance.py:2330} INFO - Executing <Task(PythonOperator): extract_weather> on 2026-09-20 16:50:22.777702+00:00
[2026-09-20T16:50:24.283+0000] {standard_task_runner.py:90} INFO - Running: ['***', 'tasks', 'run', 'weather_risk_pipeline', 'extract_weather', 'manual__2026-09-20T16:50:22.777702+00:00', '--job-id', '22', '--raw', '--subdir', 'DAGS_FOLDER/weather_risk_dag.py', '--cfg-path', '/tmp/tmp69_0gyzo']
[2026-09-20T16:50:24.287+0000] {standard_task_runner.py:91} INFO - Job 22: Subtask extract_weather
[2026-09-20T16:50:24.291+0000] {logging_mixin.py:188} WARNING - /home/***/.local/lib/python3.12/site-packages/***/task/task_runner/standard_task_runner.py:62 DeprecationWarning: This process (pid=748) is multi-threaded, use of fork() may lead to deadlocks in the child.
[2026-09-20T16:50:24.292+0000] {standard_task_runner.py:64} INFO - Started process 752 to run task
[2026-09-20T16:50:24.414+0000] {task_command.py:426} INFO - Running <TaskInstance: weather_risk_pipeline.extract_weather manual__2026-09-20T16:50:22.777702+00:00 [running]> on host 138eb0e6e647
[2026-09-20T16:50:24.926+0000] {taskinstance.py:2648} INFO - Exporting env vars: AIRFLOW_CTX_DAG_OWNER='***' AIRFLOW_CTX_DAG_ID='weather_risk_pipeline' AIRFLOW_CTX_TASK_ID='extract_weather' AIRFLOW_CTX_EXECUTION_DATE='2026-09-20T16:50:22.777702+00:00' AIRFLOW_CTX_TRY_NUMBER='1' AIRFLOW_CTX_DAG_RUN_ID='manual__2026-09-20T16:50:22.777702+00:00'
[2026-09-20T16:50:24.927+0000] {taskinstance.py:430} INFO - ::endgroup::
[2026-09-20T16:50:24.979+0000] {logging_mixin.py:188} INFO - 1.Loadingg the csv cities:           city      lat      lng  population                     region
0    Casablanca  33.5992  -7.6200     3752000    Grand Casablanca-Settat
1         Rabat  34.0209  -6.8416      577827         Rabat-Salé-Kénitra
2     Marrakech  31.6295  -7.9811      928850             Marrakech-Safi
3           Fes  34.0333  -5.0000     1112072                 Fès-Meknès
4       Tangier  35.7595  -5.8340      947952  Tanger-Tétouan-Al Hoceïma
5        Agadir  30.4278  -9.5981      421844                Souss-Massa
6        Meknes  33.8833  -5.5500      632079                 Fès-Meknès
7         Oujda  34.6867  -1.9114      494252                   Oriental
8       Kenitra  34.2610  -6.5802      431282         Rabat-Salé-Kénitra
9       Tetouan  35.5785  -5.3684      380787  Tanger-Tétouan-Al Hoceïma
10         Safi  32.2994  -9.2372      308508             Marrakech-Safi
11    El Jadida  33.2316  -8.5007      194934    Grand Casablanca-Settat
12  Beni Mellal  32.3373  -6.3498      192676       Béni Mellal-Khénifra
13        Nador  35.1740  -2.9287      161726                   Oriental
14    Khouribga  32.8811  -6.9063      166397       Béni Mellal-Khénifra
15         Taza  34.2100  -4.0100      139686                 Fès-Meknès
16       Settat  33.0014  -7.6197      142250    Grand Casablanca-Settat
17      Larache  35.1932  -6.1560      125008  Tanger-Tétouan-Al Hoceïma
18      Guelmim  28.9870 -10.0574      118318          Guelmim-Oued Noun
19       Dakhla  23.7136 -15.9355      106277       Dakhla-Oued Ed-Dahab
[2026-09-20T16:50:25.328+0000] {logging_mixin.py:188} INFO - Response:<Response [200]>
[2026-09-20T16:50:25.330+0000] {logging_mixin.py:188} INFO - data: {'latitude': 33.5625, 'longitude': -7.625, 'generationtime_ms': 0.20182132720947266, 'utc_offset_seconds': 3600, 'timezone': 'Africa/Casablanca', 'timezone_abbreviation': 'GMT+1', 'elevation': 23.0, 'daily_units': {'time': 'iso8601', 'temperature_2m_max': '°C', 'temperature_2m_min': '°C', 'precipitation_sum': 'mm', 'precipitation_probability_max': '%', 'wind_speed_10m_max': 'km/h', 'wind_gusts_10m_max': 'km/h', 'weather_code': 'wmo code'}, 'daily': {'time': ['2026-09-20', '2026-09-21', '2026-09-22', '2026-09-23', '2026-09-24', '2026-09-25', '2026-09-26'], 'temperature_2m_max': [30.3, 31.2, 29.8, 27.9, 27.8, 28.5, 28.3], 'temperature_2m_min': [20.5, 21.2, 19.8, 19.4, 19.0, 19.7, 19.6], 'precipitation_sum': [0.0, 0.0, 0.0, 0.0, 0.0, 0.0, 0.0], 'precipitation_probability_max': [0, 0, 0, 0, 0, 0, 0], 'wind_speed_10m_max': [10.1, 12.4, 9.6, 10.8, 10.5, 12.6, 13.7], 'wind_gusts_10m_max': [29.5, 34.9, 28.8, 29.5, 30.2, 32.4, 35.3], 'weather_code': [2, 2, 45, 45, 45, 45, 45]}}
[2026-09-20T16:50:25.330+0000] {logging_mixin.py:188} INFO - racord: {'city': 'Casablanca', 'lat': 33.5992, 'lng': -7.62, 'fetched_at': '2026-09-20T16:50:24Z', 'api_response': None, 'error': None}
[2026-09-20T16:50:25.330+0000] {logging_mixin.py:188} INFO - Casablanca: nioce
[2026-09-20T16:50:25.967+0000] {logging_mixin.py:188} INFO - Response:<Response [200]>
[2026-09-20T16:50:25.968+0000] {logging_mixin.py:188} INFO - data: {'latitude': 34.0, 'longitude': -6.8125, 'generationtime_ms': 0.21576881408691406, 'utc_offset_seconds': 3600, 'timezone': 'Africa/Casablanca', 'timezone_abbreviation': 'GMT+1', 'elevation': 18.0, 'daily_units': {'time': 'iso8601', 'temperature_2m_max': '°C', 'temperature_2m_min': '°C', 'precipitation_sum': 'mm', 'precipitation_probability_max': '%', 'wind_speed_10m_max': 'km/h', 'wind_gusts_10m_max': 'km/h', 'weather_code': 'wmo code'}, 'daily': {'time': ['2026-09-20', '2026-09-21', '2026-09-22', '2026-09-23', '2026-09-24', '2026-09-25', '2026-09-26'], 'temperature_2m_max': [31.6, 31.8, 31.4, 28.9, 29.0, 27.8, 27.9], 'temperature_2m_min': [20.0, 20.6, 19.6, 18.8, 18.3, 18.8, 19.2], 'precipitation_sum': [0.0, 0.0, 0.0, 0.0, 0.0, 0.0, 0.0], 'precipitation_probability_max': [0, 0, 0, 0, 0, 0, 0], 'wind_speed_10m_max': [11.5, 10.9, 10.6, 12.3, 11.3, 11.2, 12.1], 'wind_gusts_10m_max': [30.2, 29.5, 28.1, 32.4, 28.8, 24.8, 27.7], 'weather_code': [1, 2, 1, 45, 0, 3, 45]}}
[2026-09-20T16:50:25.969+0000] {logging_mixin.py:188} INFO - racord: {'city': 'Rabat', 'lat': 34.0209, 'lng': -6.8416, 'fetched_at': '2026-09-20T16:50:25Z', 'api_response': None, 'error': None}
[2026-09-20T16:50:25.969+0000] {logging_mixin.py:188} INFO - Rabat: nioce
[2026-09-20T16:50:26.596+0000] {logging_mixin.py:188} INFO - Response:<Response [200]>
[2026-09-20T16:50:26.597+0000] {logging_mixin.py:188} INFO - data: {'latitude': 31.625, 'longitude': -8.0, 'generationtime_ms': 0.2549886703491211, 'utc_offset_seconds': 3600, 'timezone': 'Africa/Casablanca', 'timezone_abbreviation': 'GMT+1', 'elevation': 469.0, 'daily_units': {'time': 'iso8601', 'temperature_2m_max': '°C', 'temperature_2m_min': '°C', 'precipitation_sum': 'mm', 'precipitation_probability_max': '%', 'wind_speed_10m_max': 'km/h', 'wind_gusts_10m_max': 'km/h', 'weather_code': 'wmo code'}, 'daily': {'time': ['2026-09-20', '2026-09-21', '2026-09-22', '2026-09-23', '2026-09-24', '2026-09-25', '2026-09-26'], 'temperature_2m_max': [37.2, 37.6, 37.2, 37.0, 36.8, 35.0, 33.8], 'temperature_2m_min': [23.6, 23.9, 20.1, 18.5, 19.3, 19.9, 21.9], 'precipitation_sum': [0.1, 0.0, 0.0, 0.0, 0.0, 0.0, 0.0], 'precipitation_probability_max': [18, 3, 0, 0, 0, 0, 0], 'wind_speed_10m_max': [11.9, 15.6, 11.5, 10.0, 11.9, 11.3, 12.8], 'wind_gusts_10m_max': [34.9, 41.8, 31.3, 28.8, 33.1, 20.5, 27.0], 'weather_code': [3, 3, 0, 0, 0, 3, 3]}}
[2026-09-20T16:50:26.597+0000] {logging_mixin.py:188} INFO - racord: {'city': 'Marrakech', 'lat': 31.6295, 'lng': -7.9811, 'fetched_at': '2026-09-20T16:50:26Z', 'api_response': None, 'error': None}
[2026-09-20T16:50:26.598+0000] {logging_mixin.py:188} INFO - Marrakech: nioce
[2026-09-20T16:50:27.213+0000] {logging_mixin.py:188} INFO - Response:<Response [200]>
[2026-09-20T16:50:27.215+0000] {logging_mixin.py:188} INFO - data: {'latitude': 34.0625, 'longitude': -5.0, 'generationtime_ms': 0.1804828643798828, 'utc_offset_seconds': 3600, 'timezone': 'Africa/Casablanca', 'timezone_abbreviation': 'GMT+1', 'elevation': 407.0, 'daily_units': {'time': 'iso8601', 'temperature_2m_max': '°C', 'temperature_2m_min': '°C', 'precipitation_sum': 'mm', 'precipitation_probability_max': '%', 'wind_speed_10m_max': 'km/h', 'wind_gusts_10m_max': 'km/h', 'weather_code': 'wmo code'}, 'daily': {'time': ['2026-09-20', '2026-09-21', '2026-09-22', '2026-09-23', '2026-09-24', '2026-09-25', '2026-09-26'], 'temperature_2m_max': [35.5, 35.4, 34.2, 34.5, 35.7, 35.4, 35.2], 'temperature_2m_min': [21.8, 21.8, 20.4, 19.5, 20.2, 21.2, 21.3], 'precipitation_sum': [0.0, 0.0, 0.0, 0.0, 0.0, 0.0, 0.0], 'precipitation_probability_max': [0, 0, 0, 0, 0, 0, 0], 'wind_speed_10m_max': [14.5, 11.0, 10.0, 10.7, 10.3, 12.5, 12.2], 'wind_gusts_10m_max': [37.4, 29.2, 25.9, 28.1, 27.4, 31.3, 30.6], 'weather_code': [1, 2, 1, 0, 0, 3, 3]}}
[2026-09-20T16:50:27.215+0000] {logging_mixin.py:188} INFO - racord: {'city': 'Fes', 'lat': 34.0333, 'lng': -5.0, 'fetched_at': '2026-09-20T16:50:26Z', 'api_response': None, 'error': None}
[2026-09-20T16:50:27.215+0000] {logging_mixin.py:188} INFO - Fes: nioce
[2026-09-20T16:50:27.863+0000] {logging_mixin.py:188} INFO - Response:<Response [200]>
[2026-09-20T16:50:27.864+0000] {logging_mixin.py:188} INFO - data: {'latitude': 35.75, 'longitude': -5.8125, 'generationtime_ms': 0.16570091247558594, 'utc_offset_seconds': 3600, 'timezone': 'Africa/Casablanca', 'timezone_abbreviation': 'GMT+1', 'elevation': 48.0, 'daily_units': {'time': 'iso8601', 'temperature_2m_max': '°C', 'temperature_2m_min': '°C', 'precipitation_sum': 'mm', 'precipitation_probability_max': '%', 'wind_speed_10m_max': 'km/h', 'wind_gusts_10m_max': 'km/h', 'weather_code': 'wmo code'}, 'daily': {'time': ['2026-09-20', '2026-09-21', '2026-09-22', '2026-09-23', '2026-09-24', '2026-09-25', '2026-09-26'], 'temperature_2m_max': [27.6, 28.3, 29.2, 29.3, 29.2, 28.1, 26.6], 'temperature_2m_min': [23.5, 22.8, 21.2, 21.0, 20.9, 20.4, 21.8], 'precipitation_sum': [0.0, 0.0, 0.0, 0.0, 0.0, 0.0, 0.0], 'precipitation_probability_max': [0, 0, 0, 0, 0, 0, 0], 'wind_speed_10m_max': [33.8, 27.8, 23.5, 21.4, 23.2, 20.1, 31.8], 'wind_gusts_10m_max': [78.8, 63.7, 52.9, 49.0, 53.3, 37.4, 59.4], 'weather_code': [2, 2, 3, 1, 1, 3, 3]}}
[2026-09-20T16:50:27.865+0000] {logging_mixin.py:188} INFO - racord: {'city': 'Tangier', 'lat': 35.7595, 'lng': -5.834, 'fetched_at': '2026-09-20T16:50:27Z', 'api_response': None, 'error': None}
[2026-09-20T16:50:27.865+0000] {logging_mixin.py:188} INFO - Tangier: nioce
[2026-09-20T16:50:28.509+0000] {logging_mixin.py:188} INFO - Response:<Response [200]>
[2026-09-20T16:50:28.510+0000] {logging_mixin.py:188} INFO - data: {'latitude': 30.4375, 'longitude': -9.625, 'generationtime_ms': 0.1691579818725586, 'utc_offset_seconds': 3600, 'timezone': 'Africa/Casablanca', 'timezone_abbreviation': 'GMT+1', 'elevation': 62.0, 'daily_units': {'time': 'iso8601', 'temperature_2m_max': '°C', 'temperature_2m_min': '°C', 'precipitation_sum': 'mm', 'precipitation_probability_max': '%', 'wind_speed_10m_max': 'km/h', 'wind_gusts_10m_max': 'km/h', 'weather_code': 'wmo code'}, 'daily': {'time': ['2026-09-20', '2026-09-21', '2026-09-22', '2026-09-23', '2026-09-24', '2026-09-25', '2026-09-26'], 'temperature_2m_max': [26.0, 32.2, 31.9, 33.1, 30.4, 30.4, 27.3], 'temperature_2m_min': [19.7, 21.3, 24.4, 23.8, 20.4, 19.3, 20.5], 'precipitation_sum': [0.0, 0.0, 0.0, 0.0, 0.0, 0.0, 0.0], 'precipitation_probability_max': [0, 0, 0, 0, 0, 0, 0], 'wind_speed_10m_max': [11.4, 8.4, 16.4, 15.6, 11.3, 10.3, 12.1], 'wind_gusts_10m_max': [27.7, 20.9, 35.3, 29.9, 25.9, 23.8, 29.2], 'weather_code': [45, 3, 1, 2, 1, 45, 45]}}
[2026-09-20T16:50:28.511+0000] {logging_mixin.py:188} INFO - racord: {'city': 'Agadir', 'lat': 30.4278, 'lng': -9.5981, 'fetched_at': '2026-09-20T16:50:28Z', 'api_response': None, 'error': None}
[2026-09-20T16:50:28.513+0000] {logging_mixin.py:188} INFO - Agadir: nioce
[2026-09-20T16:50:29.140+0000] {logging_mixin.py:188} INFO - Response:<Response [200]>
[2026-09-20T16:50:29.142+0000] {logging_mixin.py:188} INFO - data: {'latitude': 33.875, 'longitude': -5.5625, 'generationtime_ms': 0.1691579818725586, 'utc_offset_seconds': 3600, 'timezone': 'Africa/Casablanca', 'timezone_abbreviation': 'GMT+1', 'elevation': 542.0, 'daily_units': {'time': 'iso8601', 'temperature_2m_max': '°C', 'temperature_2m_min': '°C', 'precipitation_sum': 'mm', 'precipitation_probability_max': '%', 'wind_speed_10m_max': 'km/h', 'wind_gusts_10m_max': 'km/h', 'weather_code': 'wmo code'}, 'daily': {'time': ['2026-09-20', '2026-09-21', '2026-09-22', '2026-09-23', '2026-09-24', '2026-09-25', '2026-09-26'], 'temperature_2m_max': [36.0, 35.0, 33.4, 34.0, 34.9, 34.2, 33.5], 'temperature_2m_min': [20.5, 20.9, 18.2, 18.0, 18.2, 18.0, 16.6], 'precipitation_sum': [0.0, 0.0, 0.0, 0.0, 0.0, 0.0, 0.0], 'precipitation_probability_max': [0, 0, 0, 0, 0, 0, 0], 'wind_speed_10m_max': [16.1, 15.5, 14.0, 12.9, 14.1, 17.2, 14.8], 'wind_gusts_10m_max': [40.7, 38.5, 36.4, 34.2, 37.4, 38.2, 34.6], 'weather_code': [2, 2, 1, 3, 0, 2, 3]}}
[2026-09-20T16:50:29.142+0000] {logging_mixin.py:188} INFO - racord: {'city': 'Meknes', 'lat': 33.8833, 'lng': -5.55, 'fetched_at': '2026-09-20T16:50:28Z', 'api_response': None, 'error': None}
[2026-09-20T16:50:29.143+0000] {logging_mixin.py:188} INFO - Meknes: nioce
[2026-09-20T16:50:29.770+0000] {logging_mixin.py:188} INFO - Response:<Response [200]>
[2026-09-20T16:50:29.772+0000] {logging_mixin.py:188} INFO - data: {'latitude': 34.6875, 'longitude': -1.9375, 'generationtime_ms': 0.3452301025390625, 'utc_offset_seconds': 3600, 'timezone': 'Africa/Casablanca', 'timezone_abbreviation': 'GMT+1', 'elevation': 551.0, 'daily_units': {'time': 'iso8601', 'temperature_2m_max': '°C', 'temperature_2m_min': '°C', 'precipitation_sum': 'mm', 'precipitation_probability_max': '%', 'wind_speed_10m_max': 'km/h', 'wind_gusts_10m_max': 'km/h', 'weather_code': 'wmo code'}, 'daily': {'time': ['2026-09-20', '2026-09-21', '2026-09-22', '2026-09-23', '2026-09-24', '2026-09-25', '2026-09-26'], 'temperature_2m_max': [29.3, 28.7, 28.2, 29.8, 30.2, 30.6, 30.9], 'temperature_2m_min': [17.7, 18.4, 13.9, 15.4, 15.0, 13.0, 14.9], 'precipitation_sum': [0.0, 0.0, 0.0, 0.0, 0.0, 0.0, 0.0], 'precipitation_probability_max': [20, 0, 0, 0, 0, 0, 0], 'wind_speed_10m_max': [18.8, 20.2, 18.1, 20.8, 19.4, 20.2, 22.9], 'wind_gusts_10m_max': [38.2, 41.0, 36.7, 41.8, 39.2, 36.7, 40.0], 'weather_code': [45, 45, 45, 0, 0, 3, 1]}}
[2026-09-20T16:50:29.773+0000] {logging_mixin.py:188} INFO - racord: {'city': 'Oujda', 'lat': 34.6867, 'lng': -1.9114, 'fetched_at': '2026-09-20T16:50:29Z', 'api_response': None, 'error': None}
[2026-09-20T16:50:29.773+0000] {logging_mixin.py:188} INFO - Oujda: nioce
[2026-09-20T16:50:30.925+0000] {logging_mixin.py:188} INFO - Response:<Response [200]>
[2026-09-20T16:50:30.926+0000] {logging_mixin.py:188} INFO - data: {'latitude': 34.25, 'longitude': -6.5625, 'generationtime_ms': 0.2027750015258789, 'utc_offset_seconds': 3600, 'timezone': 'Africa/Casablanca', 'timezone_abbreviation': 'GMT+1', 'elevation': 11.0, 'daily_units': {'time': 'iso8601', 'temperature_2m_max': '°C', 'temperature_2m_min': '°C', 'precipitation_sum': 'mm', 'precipitation_probability_max': '%', 'wind_speed_10m_max': 'km/h', 'wind_gusts_10m_max': 'km/h', 'weather_code': 'wmo code'}, 'daily': {'time': ['2026-09-20', '2026-09-21', '2026-09-22', '2026-09-23', '2026-09-24', '2026-09-25', '2026-09-26'], 'temperature_2m_max': [36.8, 33.8, 32.3, 32.1, 32.5, 29.7, 29.3], 'temperature_2m_min': [18.6, 20.1, 19.3, 18.0, 17.4, 18.6, 19.2], 'precipitation_sum': [0.0, 0.0, 0.0, 0.0, 0.0, 0.0, 0.0], 'precipitation_probability_max': [0, 0, 0, 0, 0, 0, 0], 'wind_speed_10m_max': [14.0, 12.0, 11.0, 14.5, 13.9, 12.5, 12.3], 'wind_gusts_10m_max': [34.9, 29.5, 28.4, 36.4, 33.8, 29.2, 28.4], 'weather_code': [45, 2, 2, 45, 0, 3, 45]}}
[2026-09-20T16:50:30.926+0000] {logging_mixin.py:188} INFO - racord: {'city': 'Kenitra', 'lat': 34.261, 'lng': -6.5802, 'fetched_at': '2026-09-20T16:50:30Z', 'api_response': None, 'error': None}
[2026-09-20T16:50:30.926+0000] {logging_mixin.py:188} INFO - Kenitra: nioce
[2026-09-20T16:50:31.564+0000] {logging_mixin.py:188} INFO - Response:<Response [200]>
[2026-09-20T16:50:31.565+0000] {logging_mixin.py:188} INFO - data: {'latitude': 35.5625, 'longitude': -5.375, 'generationtime_ms': 0.17213821411132812, 'utc_offset_seconds': 3600, 'timezone': 'Africa/Casablanca', 'timezone_abbreviation': 'GMT+1', 'elevation': 111.0, 'daily_units': {'time': 'iso8601', 'temperature_2m_max': '°C', 'temperature_2m_min': '°C', 'precipitation_sum': 'mm', 'precipitation_probability_max': '%', 'wind_speed_10m_max': 'km/h', 'wind_gusts_10m_max': 'km/h', 'weather_code': 'wmo code'}, 'daily': {'time': ['2026-09-20', '2026-09-21', '2026-09-22', '2026-09-23', '2026-09-24', '2026-09-25', '2026-09-26'], 'temperature_2m_max': [25.8, 26.0, 26.4, 25.6, 26.8, 26.4, 26.0], 'temperature_2m_min': [22.6, 22.0, 20.3, 19.1, 20.7, 19.7, 20.4], 'precipitation_sum': [0.1, 0.0, 0.0, 0.0, 0.0, 0.0, 0.0], 'precipitation_probability_max': [0, 0, 0, 0, 0, 0, 0], 'wind_speed_10m_max': [31.2, 23.2, 17.0, 17.2, 17.7, 15.2, 20.7], 'wind_gusts_10m_max': [71.3, 51.5, 41.8, 42.8, 45.7, 38.9, 49.3], 'weather_code': [3, 3, 3, 2, 2, 3, 3]}}
[2026-09-20T16:50:31.565+0000] {logging_mixin.py:188} INFO - racord: {'city': 'Tetouan', 'lat': 35.5785, 'lng': -5.3684, 'fetched_at': '2026-09-20T16:50:31Z', 'api_response': None, 'error': None}
[2026-09-20T16:50:31.565+0000] {logging_mixin.py:188} INFO - Tetouan: nioce
[2026-09-20T16:50:32.194+0000] {logging_mixin.py:188} INFO - Response:<Response [200]>
[2026-09-20T16:50:32.196+0000] {logging_mixin.py:188} INFO - data: {'latitude': 32.3125, 'longitude': -9.25, 'generationtime_ms': 0.34677982330322266, 'utc_offset_seconds': 3600, 'timezone': 'Africa/Casablanca', 'timezone_abbreviation': 'GMT+1', 'elevation': 35.0, 'daily_units': {'time': 'iso8601', 'temperature_2m_max': '°C', 'temperature_2m_min': '°C', 'precipitation_sum': 'mm', 'precipitation_probability_max': '%', 'wind_speed_10m_max': 'km/h', 'wind_gusts_10m_max': 'km/h', 'weather_code': 'wmo code'}, 'daily': {'time': ['2026-09-20', '2026-09-21', '2026-09-22', '2026-09-23', '2026-09-24', '2026-09-25', '2026-09-26'], 'temperature_2m_max': [26.9, 27.9, 31.4, 29.4, 27.1, 31.3, 29.7], 'temperature_2m_min': [21.4, 20.0, 19.9, 20.0, 18.9, 19.4, 20.8], 'precipitation_sum': [0.0, 0.0, 0.0, 0.0, 0.0, 0.0, 0.0], 'precipitation_probability_max': [0, 0, 0, 0, 0, 0, 0], 'wind_speed_10m_max': [8.8, 7.6, 15.1, 15.6, 13.4, 20.4, 15.4], 'wind_gusts_10m_max': [18.0, 16.6, 29.9, 30.2, 26.3, 38.5, 30.6], 'weather_code': [2, 3, 0, 1, 0, 3, 45]}}
[2026-09-20T16:50:32.196+0000] {logging_mixin.py:188} INFO - racord: {'city': 'Safi', 'lat': 32.2994, 'lng': -9.2372, 'fetched_at': '2026-09-20T16:50:31Z', 'api_response': None, 'error': None}
[2026-09-20T16:50:32.196+0000] {logging_mixin.py:188} INFO - Safi: nioce
[2026-09-20T16:50:32.816+0000] {logging_mixin.py:188} INFO - Response:<Response [200]>
[2026-09-20T16:50:32.816+0000] {logging_mixin.py:188} INFO - data: {'latitude': 33.1875, 'longitude': -8.5, 'generationtime_ms': 0.9305477142333984, 'utc_offset_seconds': 3600, 'timezone': 'Africa/Casablanca', 'timezone_abbreviation': 'GMT+1', 'elevation': 37.0, 'daily_units': {'time': 'iso8601', 'temperature_2m_max': '°C', 'temperature_2m_min': '°C', 'precipitation_sum': 'mm', 'precipitation_probability_max': '%', 'wind_speed_10m_max': 'km/h', 'wind_gusts_10m_max': 'km/h', 'weather_code': 'wmo code'}, 'daily': {'time': ['2026-09-20', '2026-09-21', '2026-09-22', '2026-09-23', '2026-09-24', '2026-09-25', '2026-09-26'], 'temperature_2m_max': [29.9, 30.7, 29.6, 27.8, 28.3, 27.4, 27.6], 'temperature_2m_min': [20.2, 21.2, 19.4, 20.1, 19.6, 19.9, 20.2], 'precipitation_sum': [0.0, 0.0, 0.0, 0.0, 0.0, 0.0, 0.0], 'precipitation_probability_max': [0, 0, 0, 0, 0, 0, 0], 'wind_speed_10m_max': [14.5, 15.8, 15.9, 15.2, 13.8, 14.4, 13.7], 'wind_gusts_10m_max': [29.2, 31.0, 31.7, 30.2, 28.1, 28.8, 27.7], 'weather_code': [45, 45, 45, 45, 45, 45, 45]}}
[2026-09-20T16:50:32.817+0000] {logging_mixin.py:188} INFO - racord: {'city': 'El Jadida', 'lat': 33.2316, 'lng': -8.5007, 'fetched_at': '2026-09-20T16:50:32Z', 'api_response': None, 'error': None}
[2026-09-20T16:50:32.817+0000] {logging_mixin.py:188} INFO - El Jadida: nioce
[2026-09-20T16:50:33.450+0000] {logging_mixin.py:188} INFO - Response:<Response [200]>
[2026-09-20T16:50:33.451+0000] {logging_mixin.py:188} INFO - data: {'latitude': 32.3125, 'longitude': -6.375, 'generationtime_ms': 0.18286705017089844, 'utc_offset_seconds': 3600, 'timezone': 'Africa/Casablanca', 'timezone_abbreviation': 'GMT+1', 'elevation': 533.0, 'daily_units': {'time': 'iso8601', 'temperature_2m_max': '°C', 'temperature_2m_min': '°C', 'precipitation_sum': 'mm', 'precipitation_probability_max': '%', 'wind_speed_10m_max': 'km/h', 'wind_gusts_10m_max': 'km/h', 'weather_code': 'wmo code'}, 'daily': {'time': ['2026-09-20', '2026-09-21', '2026-09-22', '2026-09-23', '2026-09-24', '2026-09-25', '2026-09-26'], 'temperature_2m_max': [35.2, 35.1, 34.0, 34.6, 35.1, 34.8, 33.7], 'temperature_2m_min': [25.3, 23.7, 22.8, 22.2, 22.7, 22.3, 23.8], 'precipitation_sum': [0.0, 0.0, 0.0, 0.0, 0.0, 0.0, 0.0], 'precipitation_probability_max': [3, 3, 0, 0, 0, 0, 0], 'wind_speed_10m_max': [18.5, 17.2, 16.2, 13.9, 12.1, 17.4, 18.4], 'wind_gusts_10m_max': [42.8, 40.3, 34.6, 28.1, 27.4, 33.1, 35.3], 'weather_code': [3, 3, 2, 0, 0, 3, 3]}}
[2026-09-20T16:50:33.451+0000] {logging_mixin.py:188} INFO - racord: {'city': 'Beni Mellal', 'lat': 32.3373, 'lng': -6.3498, 'fetched_at': '2026-09-20T16:50:33Z', 'api_response': None, 'error': None}
[2026-09-20T16:50:33.451+0000] {logging_mixin.py:188} INFO - Beni Mellal: nioce
[2026-09-20T16:50:34.069+0000] {logging_mixin.py:188} INFO - Response:<Response [200]>
[2026-09-20T16:50:34.070+0000] {logging_mixin.py:188} INFO - data: {'latitude': 35.1875, 'longitude': -2.9375, 'generationtime_ms': 0.186920166015625, 'utc_offset_seconds': 3600, 'timezone': 'Africa/Casablanca', 'timezone_abbreviation': 'GMT+1', 'elevation': 19.0, 'daily_units': {'time': 'iso8601', 'temperature_2m_max': '°C', 'temperature_2m_min': '°C', 'precipitation_sum': 'mm', 'precipitation_probability_max': '%', 'wind_speed_10m_max': 'km/h', 'wind_gusts_10m_max': 'km/h', 'weather_code': 'wmo code'}, 'daily': {'time': ['2026-09-20', '2026-09-21', '2026-09-22', '2026-09-23', '2026-09-24', '2026-09-25', '2026-09-26'], 'temperature_2m_max': [25.3, 25.7, 25.4, 25.7, 26.3, 26.8, 26.5], 'temperature_2m_min': [23.4, 23.1, 20.5, 19.8, 20.9, 19.6, 18.6], 'precipitation_sum': [4.6, 0.1, 0.0, 0.0, 0.0, 0.0, 0.0], 'precipitation_probability_max': [8, 3, 0, 0, 0, 0, 0], 'wind_speed_10m_max': [22.0, 17.1, 12.7, 13.0, 12.5, 16.3, 19.7], 'wind_gusts_10m_max': [48.2, 37.4, 27.4, 27.7, 28.4, 27.7, 34.2], 'weather_code': [80, 3, 3, 2, 2, 3, 45]}}
[2026-09-20T16:50:34.071+0000] {logging_mixin.py:188} INFO - racord: {'city': 'Nador', 'lat': 35.174, 'lng': -2.9287, 'fetched_at': '2026-09-20T16:50:33Z', 'api_response': None, 'error': None}
[2026-09-20T16:50:34.071+0000] {logging_mixin.py:188} INFO - Nador: nioce
[2026-09-20T16:50:34.693+0000] {logging_mixin.py:188} INFO - Response:<Response [200]>
[2026-09-20T16:50:34.694+0000] {logging_mixin.py:188} INFO - data: {'latitude': 32.875, 'longitude': -6.9375, 'generationtime_ms': 0.27239322662353516, 'utc_offset_seconds': 3600, 'timezone': 'Africa/Casablanca', 'timezone_abbreviation': 'GMT+1', 'elevation': 802.0, 'daily_units': {'time': 'iso8601', 'temperature_2m_max': '°C', 'temperature_2m_min': '°C', 'precipitation_sum': 'mm', 'precipitation_probability_max': '%', 'wind_speed_10m_max': 'km/h', 'wind_gusts_10m_max': 'km/h', 'weather_code': 'wmo code'}, 'daily': {'time': ['2026-09-20', '2026-09-21', '2026-09-22', '2026-09-23', '2026-09-24', '2026-09-25', '2026-09-26'], 'temperature_2m_max': [34.8, 34.9, 34.0, 33.6, 34.4, 32.9, 31.9], 'temperature_2m_min': [22.7, 22.8, 21.6, 20.5, 20.2, 18.6, 17.3], 'precipitation_sum': [0.0, 0.0, 0.0, 0.0, 0.0, 0.0, 0.0], 'precipitation_probability_max': [3, 3, 0, 0, 0, 0, 0], 'wind_speed_10m_max': [24.5, 20.2, 18.9, 19.7, 17.5, 19.8, 20.7], 'wind_gusts_10m_max': [54.7, 45.0, 43.9, 41.4, 38.2, 40.0, 41.8], 'weather_code': [3, 3, 2, 0, 0, 3, 3]}}
[2026-09-20T16:50:34.694+0000] {logging_mixin.py:188} INFO - racord: {'city': 'Khouribga', 'lat': 32.8811, 'lng': -6.9063, 'fetched_at': '2026-09-20T16:50:34Z', 'api_response': None, 'error': None}
[2026-09-20T16:50:34.695+0000] {logging_mixin.py:188} INFO - Khouribga: nioce
[2026-09-20T16:50:35.326+0000] {logging_mixin.py:188} INFO - Response:<Response [200]>
[2026-09-20T16:50:35.327+0000] {logging_mixin.py:188} INFO - data: {'latitude': 34.25, 'longitude': -4.0, 'generationtime_ms': 0.21660327911376953, 'utc_offset_seconds': 3600, 'timezone': 'Africa/Casablanca', 'timezone_abbreviation': 'GMT+1', 'elevation': 532.0, 'daily_units': {'time': 'iso8601', 'temperature_2m_max': '°C', 'temperature_2m_min': '°C', 'precipitation_sum': 'mm', 'precipitation_probability_max': '%', 'wind_speed_10m_max': 'km/h', 'wind_gusts_10m_max': 'km/h', 'weather_code': 'wmo code'}, 'daily': {'time': ['2026-09-20', '2026-09-21', '2026-09-22', '2026-09-23', '2026-09-24', '2026-09-25', '2026-09-26'], 'temperature_2m_max': [29.5, 29.6, 30.2, 30.9, 31.2, 31.8, 32.4], 'temperature_2m_min': [19.8, 19.7, 17.7, 15.9, 18.7, 17.2, 17.5], 'precipitation_sum': [0.0, 0.0, 0.0, 0.0, 0.0, 0.0, 0.0], 'precipitation_probability_max': [0, 0, 0, 0, 0, 0, 0], 'wind_speed_10m_max': [21.5, 20.9, 15.5, 18.0, 18.8, 19.6, 22.2], 'wind_gusts_10m_max': [43.6, 42.1, 32.4, 37.4, 38.5, 35.6, 41.8], 'weather_code': [3, 2, 3, 1, 0, 3, 3]}}
[2026-09-20T16:50:35.327+0000] {logging_mixin.py:188} INFO - racord: {'city': 'Taza', 'lat': 34.21, 'lng': -4.01, 'fetched_at': '2026-09-20T16:50:34Z', 'api_response': None, 'error': None}
[2026-09-20T16:50:35.328+0000] {logging_mixin.py:188} INFO - Taza: nioce
[2026-09-20T16:50:35.966+0000] {logging_mixin.py:188} INFO - Response:<Response [200]>
[2026-09-20T16:50:35.967+0000] {logging_mixin.py:188} INFO - data: {'latitude': 33.0, 'longitude': -7.625, 'generationtime_ms': 0.18608570098876953, 'utc_offset_seconds': 3600, 'timezone': 'Africa/Casablanca', 'timezone_abbreviation': 'GMT+1', 'elevation': 367.0, 'daily_units': {'time': 'iso8601', 'temperature_2m_max': '°C', 'temperature_2m_min': '°C', 'precipitation_sum': 'mm', 'precipitation_probability_max': '%', 'wind_speed_10m_max': 'km/h', 'wind_gusts_10m_max': 'km/h', 'weather_code': 'wmo code'}, 'daily': {'time': ['2026-09-20', '2026-09-21', '2026-09-22', '2026-09-23', '2026-09-24', '2026-09-25', '2026-09-26'], 'temperature_2m_max': [37.1, 38.5, 36.4, 35.9, 35.4, 33.2, 32.2], 'temperature_2m_min': [20.8, 22.3, 20.2, 18.9, 18.8, 18.8, 17.4], 'precipitation_sum': [0.6, 0.0, 0.0, 0.0, 0.0, 0.0, 0.0], 'precipitation_probability_max': [8, 0, 0, 0, 0, 0, 0], 'wind_speed_10m_max': [17.7, 25.5, 19.3, 17.5, 15.5, 18.5, 19.6], 'wind_gusts_10m_max': [38.5, 52.9, 40.0, 41.4, 35.6, 36.4, 38.5], 'weather_code': [3, 3, 1, 0, 0, 3, 45]}}
[2026-09-20T16:50:35.968+0000] {logging_mixin.py:188} INFO - racord: {'city': 'Settat', 'lat': 33.0014, 'lng': -7.6197, 'fetched_at': '2026-09-20T16:50:35Z', 'api_response': None, 'error': None}
[2026-09-20T16:50:35.968+0000] {logging_mixin.py:188} INFO - Settat: nioce
[2026-09-20T16:50:36.613+0000] {logging_mixin.py:188} INFO - Response:<Response [200]>
[2026-09-20T16:50:36.614+0000] {logging_mixin.py:188} INFO - data: {'latitude': 35.1875, 'longitude': -6.125, 'generationtime_ms': 0.4401206970214844, 'utc_offset_seconds': 3600, 'timezone': 'Africa/Casablanca', 'timezone_abbreviation': 'GMT+1', 'elevation': 36.0, 'daily_units': {'time': 'iso8601', 'temperature_2m_max': '°C', 'temperature_2m_min': '°C', 'precipitation_sum': 'mm', 'precipitation_probability_max': '%', 'wind_speed_10m_max': 'km/h', 'wind_gusts_10m_max': 'km/h', 'weather_code': 'wmo code'}, 'daily': {'time': ['2026-09-20', '2026-09-21', '2026-09-22', '2026-09-23', '2026-09-24', '2026-09-25', '2026-09-26'], 'temperature_2m_max': [35.7, 33.1, 31.8, 30.9, 32.2, 30.8, 30.6], 'temperature_2m_min': [23.9, 21.2, 19.9, 17.7, 17.4, 18.4, 17.8], 'precipitation_sum': [0.0, 0.0, 0.0, 0.0, 0.0, 0.0, 0.0], 'precipitation_probability_max': [0, 0, 0, 0, 0, 0, 0], 'wind_speed_10m_max': [18.8, 17.2, 17.2, 14.1, 13.3, 14.4, 14.3], 'wind_gusts_10m_max': [34.6, 31.7, 31.7, 26.3, 25.2, 27.7, 27.7], 'weather_code': [1, 3, 3, 1, 1, 3, 3]}}
[2026-09-20T16:50:36.615+0000] {logging_mixin.py:188} INFO - racord: {'city': 'Larache', 'lat': 35.1932, 'lng': -6.156, 'fetched_at': '2026-09-20T16:50:36Z', 'api_response': None, 'error': None}
[2026-09-20T16:50:36.615+0000] {logging_mixin.py:188} INFO - Larache: nioce
[2026-09-20T16:50:37.249+0000] {logging_mixin.py:188} INFO - Response:<Response [200]>
[2026-09-20T16:50:37.250+0000] {logging_mixin.py:188} INFO - data: {'latitude': 28.998241, 'longitude': -10.011475, 'generationtime_ms': 1.8106698989868164, 'utc_offset_seconds': 3600, 'timezone': 'Africa/Casablanca', 'timezone_abbreviation': 'GMT+1', 'elevation': 302.0, 'daily_units': {'time': 'iso8601', 'temperature_2m_max': '°C', 'temperature_2m_min': '°C', 'precipitation_sum': 'mm', 'precipitation_probability_max': '%', 'wind_speed_10m_max': 'km/h', 'wind_gusts_10m_max': 'km/h', 'weather_code': 'wmo code'}, 'daily': {'time': ['2026-09-20', '2026-09-21', '2026-09-22', '2026-09-23', '2026-09-24', '2026-09-25', '2026-09-26'], 'temperature_2m_max': [38.2, 39.2, 39.2, 39.5, 38.8, 36.8, 29.3], 'temperature_2m_min': [18.1, 23.3, 26.2, 23.7, 19.1, 17.0, 17.7], 'precipitation_sum': [0.0, 0.0, 0.0, 0.0, 0.0, 0.0, 0.0], 'precipitation_probability_max': [0, 2, 2, 2, 0, 0, 0], 'wind_speed_10m_max': [22.1, 18.5, 22.6, 27.7, 17.3, 21.7, 16.7], 'wind_gusts_10m_max': [38.5, 34.2, 37.1, 47.9, 38.9, 38.5, 34.2], 'weather_code': [1, 3, 2, 3, 0, 3, 3]}}
[2026-09-20T16:50:37.251+0000] {logging_mixin.py:188} INFO - racord: {'city': 'Guelmim', 'lat': 28.987, 'lng': -10.0574, 'fetched_at': '2026-09-20T16:50:36Z', 'api_response': None, 'error': None}
[2026-09-20T16:50:37.251+0000] {logging_mixin.py:188} INFO - Guelmim: nioce
[2026-09-20T16:50:37.884+0000] {logging_mixin.py:188} INFO - Response:<Response [200]>
[2026-09-20T16:50:37.885+0000] {logging_mixin.py:188} INFO - data: {'latitude': 23.725834, 'longitude': -15.966187, 'generationtime_ms': 0.22971630096435547, 'utc_offset_seconds': 3600, 'timezone': 'Africa/Casablanca', 'timezone_abbreviation': 'GMT+1', 'elevation': 9.0, 'daily_units': {'time': 'iso8601', 'temperature_2m_max': '°C', 'temperature_2m_min': '°C', 'precipitation_sum': 'mm', 'precipitation_probability_max': '%', 'wind_speed_10m_max': 'km/h', 'wind_gusts_10m_max': 'km/h', 'weather_code': 'wmo code'}, 'daily': {'time': ['2026-09-20', '2026-09-21', '2026-09-22', '2026-09-23', '2026-09-24', '2026-09-25', '2026-09-26'], 'temperature_2m_max': [21.7, 22.6, 22.8, 22.9, 32.8, 27.0, 22.4], 'temperature_2m_min': [19.7, 19.9, 20.4, 20.2, 22.9, 22.5, 21.6], 'precipitation_sum': [0.0, 1.7, 0.9, 0.0, 0.0, 0.0, 0.0], 'precipitation_probability_max': [0, 19, 21, 12, 0, 6, 4], 'wind_speed_10m_max': [29.9, 33.3, 31.8, 30.3, 40.9, 41.1, 25.3], 'wind_gusts_10m_max': [37.4, 38.9, 41.0, 39.2, 49.7, 51.5, 36.0], 'weather_code': [0, 80, 53, 2, 3, 3, 3]}}
[2026-09-20T16:50:37.886+0000] {logging_mixin.py:188} INFO - racord: {'city': 'Dakhla', 'lat': 23.7136, 'lng': -15.9355, 'fetched_at': '2026-09-20T16:50:37Z', 'api_response': None, 'error': None}
[2026-09-20T16:50:37.886+0000] {logging_mixin.py:188} INFO - Dakhla: nioce
[2026-09-20T16:50:38.193+0000] {logging_mixin.py:188} INFO - done. 20/20 succeeded, 0 failed. Saved to: /opt/project/data/bronze/weather_raw.json
[2026-09-20T16:50:38.194+0000] {python.py:237} INFO - Done. Returned value was: /opt/project/data/bronze/weather_raw.json
[2026-09-20T16:50:38.194+0000] {taskinstance.py:441} INFO - ::group::Post task execution logs
[2026-09-20T16:50:38.264+0000] {taskinstance.py:1206} INFO - Marking task as SUCCESS. dag_id=weather_risk_pipeline, task_id=extract_weather, run_id=manual__2026-09-20T16:50:22.777702+00:00, execution_date=20260920T165022, start_date=20260920T165024, end_date=20260920T165038
[2026-09-20T16:50:38.330+0000] {local_task_job_runner.py:243} INFO - Task exited with return code 0
[2026-09-20T16:50:38.359+0000] {local_task_job_runner.py:222} INFO - ::endgroup::
