[2026-09-20T16:50:39.392+0000] {local_task_job_runner.py:120} INFO - ::group::Pre task execution logs
[2026-09-20T16:50:39.478+0000] {taskinstance.py:2076} INFO - Dependencies all met for dep_context=non-requeueable deps ti=<TaskInstance: weather_risk_pipeline.clean_silver scheduled__2026-09-19T00:00:00+00:00 [queued]>
[2026-09-20T16:50:39.498+0000] {taskinstance.py:2076} INFO - Dependencies all met for dep_context=requeueable deps ti=<TaskInstance: weather_risk_pipeline.clean_silver scheduled__2026-09-19T00:00:00+00:00 [queued]>
[2026-09-20T16:50:39.498+0000] {taskinstance.py:2306} INFO - Starting attempt 1 of 2
[2026-09-20T16:50:39.527+0000] {taskinstance.py:2330} INFO - Executing <Task(PythonOperator): clean_silver> on 2026-09-19 00:00:00+00:00
[2026-09-20T16:50:39.541+0000] {standard_task_runner.py:90} INFO - Running: ['***', 'tasks', 'run', 'weather_risk_pipeline', 'clean_silver', 'scheduled__2026-09-19T00:00:00+00:00', '--job-id', '24', '--raw', '--subdir', 'DAGS_FOLDER/weather_risk_dag.py', '--cfg-path', '/tmp/tmpmxibjr5t']
[2026-09-20T16:50:39.545+0000] {standard_task_runner.py:91} INFO - Job 24: Subtask clean_silver
[2026-09-20T16:50:39.547+0000] {logging_mixin.py:188} WARNING - /home/***/.local/lib/python3.12/site-packages/***/task/task_runner/standard_task_runner.py:62 DeprecationWarning: This process (pid=753) is multi-threaded, use of fork() may lead to deadlocks in the child.
[2026-09-20T16:50:39.548+0000] {standard_task_runner.py:64} INFO - Started process 758 to run task
[2026-09-20T16:50:39.650+0000] {task_command.py:426} INFO - Running <TaskInstance: weather_risk_pipeline.clean_silver scheduled__2026-09-19T00:00:00+00:00 [running]> on host 138eb0e6e647
[2026-09-20T16:50:40.107+0000] {taskinstance.py:2648} INFO - Exporting env vars: AIRFLOW_CTX_DAG_OWNER='***' AIRFLOW_CTX_DAG_ID='weather_risk_pipeline' AIRFLOW_CTX_TASK_ID='clean_silver' AIRFLOW_CTX_EXECUTION_DATE='2026-09-19T00:00:00+00:00' AIRFLOW_CTX_TRY_NUMBER='1' AIRFLOW_CTX_DAG_RUN_ID='scheduled__2026-09-19T00:00:00+00:00'
[2026-09-20T16:50:40.108+0000] {taskinstance.py:430} INFO - ::endgroup::
[2026-09-20T16:50:40.154+0000] {logging_mixin.py:188} INFO - dropped 0 null rows
[2026-09-20T16:50:40.263+0000] {logging_mixin.py:188} INFO - 140 rows written to /opt/project/data/silver/weather_clean.parquet
[2026-09-20T16:50:40.264+0000] {python.py:237} INFO - Done. Returned value was: /opt/project/data/silver/weather_clean.parquet
[2026-09-20T16:50:40.264+0000] {taskinstance.py:441} INFO - ::group::Post task execution logs
[2026-09-20T16:50:40.318+0000] {taskinstance.py:1206} INFO - Marking task as SUCCESS. dag_id=weather_risk_pipeline, task_id=clean_silver, run_id=scheduled__2026-09-19T00:00:00+00:00, execution_date=20260919T000000, start_date=20260920T165039, end_date=20260920T165040
[2026-09-20T16:50:40.364+0000] {local_task_job_runner.py:243} INFO - Task exited with return code 0
[2026-09-20T16:50:40.414+0000] {taskinstance.py:3503} INFO - 1 downstream tasks scheduled from follow-on schedule check
[2026-09-20T16:50:40.416+0000] {local_task_job_runner.py:222} INFO - ::endgroup::
[2026-09-20T16:55:42.925+0000] {local_task_job_runner.py:120} INFO - ::group::Pre task execution logs
[2026-09-20T16:55:43.001+0000] {taskinstance.py:2076} INFO - Dependencies all met for dep_context=non-requeueable deps ti=<TaskInstance: weather_risk_pipeline.clean_silver scheduled__2026-09-19T00:00:00+00:00 [queued]>
[2026-09-20T16:55:43.018+0000] {taskinstance.py:2076} INFO - Dependencies all met for dep_context=requeueable deps ti=<TaskInstance: weather_risk_pipeline.clean_silver scheduled__2026-09-19T00:00:00+00:00 [queued]>
[2026-09-20T16:55:43.019+0000] {taskinstance.py:2306} INFO - Starting attempt 1 of 2
[2026-09-20T16:55:43.047+0000] {taskinstance.py:2330} INFO - Executing <Task(PythonOperator): clean_silver> on 2026-09-19 00:00:00+00:00
[2026-09-20T16:55:43.065+0000] {standard_task_runner.py:90} INFO - Running: ['***', 'tasks', 'run', 'weather_risk_pipeline', 'clean_silver', 'scheduled__2026-09-19T00:00:00+00:00', '--job-id', '29', '--raw', '--subdir', 'DAGS_FOLDER/weather_risk_dag.py', '--cfg-path', '/tmp/tmpza5p4owb']
[2026-09-20T16:55:43.070+0000] {standard_task_runner.py:91} INFO - Job 29: Subtask clean_silver
[2026-09-20T16:55:43.075+0000] {logging_mixin.py:188} WARNING - /home/***/.local/lib/python3.12/site-packages/***/task/task_runner/standard_task_runner.py:62 DeprecationWarning: This process (pid=856) is multi-threaded, use of fork() may lead to deadlocks in the child.
[2026-09-20T16:55:43.076+0000] {standard_task_runner.py:64} INFO - Started process 860 to run task
[2026-09-20T16:55:43.203+0000] {task_command.py:426} INFO - Running <TaskInstance: weather_risk_pipeline.clean_silver scheduled__2026-09-19T00:00:00+00:00 [running]> on host 138eb0e6e647
[2026-09-20T16:55:43.671+0000] {taskinstance.py:2648} INFO - Exporting env vars: AIRFLOW_CTX_DAG_OWNER='***' AIRFLOW_CTX_DAG_ID='weather_risk_pipeline' AIRFLOW_CTX_TASK_ID='clean_silver' AIRFLOW_CTX_EXECUTION_DATE='2026-09-19T00:00:00+00:00' AIRFLOW_CTX_TRY_NUMBER='1' AIRFLOW_CTX_DAG_RUN_ID='scheduled__2026-09-19T00:00:00+00:00'
[2026-09-20T16:55:43.672+0000] {taskinstance.py:430} INFO - ::endgroup::
[2026-09-20T16:55:43.696+0000] {taskinstance.py:441} INFO - ::group::Post task execution logs
[2026-09-20T16:55:43.697+0000] {taskinstance.py:2905} ERROR - Task failed with exception
Traceback (most recent call last):
  File "/home/airflow/.local/lib/python3.12/site-packages/airflow/models/taskinstance.py", line 465, in _execute_task
    result = _execute_callable(context=context, **execute_callable_kwargs)
             ^^^^^^^^^^^^^^^^^^^^^^^^^^^^^^^^^^^^^^^^^^^^^^^^^^^^^^^^^^^^^
  File "/home/airflow/.local/lib/python3.12/site-packages/airflow/models/taskinstance.py", line 432, in _execute_callable
    return execute_callable(context=context, **execute_callable_kwargs)
           ^^^^^^^^^^^^^^^^^^^^^^^^^^^^^^^^^^^^^^^^^^^^^^^^^^^^^^^^^^^^
  File "/home/airflow/.local/lib/python3.12/site-packages/airflow/models/baseoperator.py", line 401, in wrapper
    return func(self, *args, **kwargs)
           ^^^^^^^^^^^^^^^^^^^^^^^^^^^
  File "/home/airflow/.local/lib/python3.12/site-packages/airflow/operators/python.py", line 235, in execute
    return_value = self.execute_callable()
                   ^^^^^^^^^^^^^^^^^^^^^^^
  File "/home/airflow/.local/lib/python3.12/site-packages/airflow/operators/python.py", line 252, in execute_callable
    return self.python_callable(*self.op_args, **self.op_kwargs)
           ^^^^^^^^^^^^^^^^^^^^^^^^^^^^^^^^^^^^^^^^^^^^^^^^^^^^^
  File "/opt/project/src/transformation/clean_silver.py", line 86, in run_silver
    df = flatten_bronze(bronze_path)
         ^^^^^^^^^^^^^^^^^^^^^^^^^^^
  File "/opt/project/src/transformation/clean_silver.py", line 8, in flatten_bronze
    records = json.load(f)
              ^^^^^^^^^^^^
  File "/usr/local/lib/python3.12/json/__init__.py", line 293, in load
    return loads(fp.read(),
           ^^^^^^^^^^^^^^^^
  File "/usr/local/lib/python3.12/json/__init__.py", line 346, in loads
    return _default_decoder.decode(s)
           ^^^^^^^^^^^^^^^^^^^^^^^^^^
  File "/usr/local/lib/python3.12/json/decoder.py", line 337, in decode
    obj, end = self.raw_decode(s, idx=_w(s, 0).end())
               ^^^^^^^^^^^^^^^^^^^^^^^^^^^^^^^^^^^^^^
  File "/usr/local/lib/python3.12/json/decoder.py", line 353, in raw_decode
    obj, end = self.scan_once(s, idx)
               ^^^^^^^^^^^^^^^^^^^^^^
json.decoder.JSONDecodeError: Expecting ',' delimiter: line 286 column 23 (char 8172)
[2026-09-20T16:55:43.723+0000] {taskinstance.py:1206} INFO - Marking task as UP_FOR_RETRY. dag_id=weather_risk_pipeline, task_id=clean_silver, run_id=scheduled__2026-09-19T00:00:00+00:00, execution_date=20260919T000000, start_date=20260920T165543, end_date=20260920T165543
[2026-09-20T16:55:43.745+0000] {standard_task_runner.py:110} ERROR - Failed to execute job 29 for task clean_silver (Expecting ',' delimiter: line 286 column 23 (char 8172); 860)
[2026-09-20T16:55:43.772+0000] {local_task_job_runner.py:243} INFO - Task exited with return code 1
[2026-09-20T16:55:43.821+0000] {taskinstance.py:3503} INFO - 0 downstream tasks scheduled from follow-on schedule check
[2026-09-20T16:55:43.824+0000] {local_task_job_runner.py:222} INFO - ::endgroup::
