[2026-09-20T17:00:45.191+0000] {local_task_job_runner.py:120} INFO - ::group::Pre task execution logs
[2026-09-20T17:00:45.271+0000] {taskinstance.py:2076} INFO - Dependencies all met for dep_context=non-requeueable deps ti=<TaskInstance: weather_risk_pipeline.clean_silver scheduled__2026-09-19T00:00:00+00:00 [queued]>
[2026-09-20T17:00:45.290+0000] {taskinstance.py:2076} INFO - Dependencies all met for dep_context=requeueable deps ti=<TaskInstance: weather_risk_pipeline.clean_silver scheduled__2026-09-19T00:00:00+00:00 [queued]>
[2026-09-20T17:00:45.290+0000] {taskinstance.py:2306} INFO - Starting attempt 2 of 2
[2026-09-20T17:00:45.323+0000] {taskinstance.py:2330} INFO - Executing <Task(PythonOperator): clean_silver> on 2026-09-19 00:00:00+00:00
[2026-09-20T17:00:45.352+0000] {logging_mixin.py:188} WARNING - /home/***/.local/lib/python3.12/site-packages/***/task/task_runner/standard_task_runner.py:62 DeprecationWarning: This process (pid=947) is multi-threaded, use of fork() may lead to deadlocks in the child.
[2026-09-20T17:00:45.353+0000] {standard_task_runner.py:64} INFO - Started process 952 to run task
[2026-09-20T17:00:45.345+0000] {standard_task_runner.py:90} INFO - Running: ['***', 'tasks', 'run', 'weather_risk_pipeline', 'clean_silver', 'scheduled__2026-09-19T00:00:00+00:00', '--job-id', '35', '--raw', '--subdir', 'DAGS_FOLDER/weather_risk_dag.py', '--cfg-path', '/tmp/tmpced4ede5']
[2026-09-20T17:00:45.354+0000] {standard_task_runner.py:91} INFO - Job 35: Subtask clean_silver
[2026-09-20T17:00:45.499+0000] {task_command.py:426} INFO - Running <TaskInstance: weather_risk_pipeline.clean_silver scheduled__2026-09-19T00:00:00+00:00 [running]> on host 138eb0e6e647
[2026-09-20T17:00:45.933+0000] {taskinstance.py:2648} INFO - Exporting env vars: AIRFLOW_CTX_DAG_OWNER='***' AIRFLOW_CTX_DAG_ID='weather_risk_pipeline' AIRFLOW_CTX_TASK_ID='clean_silver' AIRFLOW_CTX_EXECUTION_DATE='2026-09-19T00:00:00+00:00' AIRFLOW_CTX_TRY_NUMBER='2' AIRFLOW_CTX_DAG_RUN_ID='scheduled__2026-09-19T00:00:00+00:00'
[2026-09-20T17:00:45.935+0000] {taskinstance.py:430} INFO - ::endgroup::
[2026-09-20T17:00:45.995+0000] {logging_mixin.py:188} INFO - dropped 0 null rows
[2026-09-20T17:00:46.031+0000] {logging_mixin.py:188} INFO - 140 rows written to /opt/project/data/silver/weather_clean.parquet
[2026-09-20T17:00:46.032+0000] {python.py:237} INFO - Done. Returned value was: /opt/project/data/silver/weather_clean.parquet
[2026-09-20T17:00:46.033+0000] {taskinstance.py:441} INFO - ::group::Post task execution logs
[2026-09-20T17:00:46.098+0000] {taskinstance.py:1206} INFO - Marking task as SUCCESS. dag_id=weather_risk_pipeline, task_id=clean_silver, run_id=scheduled__2026-09-19T00:00:00+00:00, execution_date=20260919T000000, start_date=20260920T170045, end_date=20260920T170046
[2026-09-20T17:00:46.172+0000] {local_task_job_runner.py:243} INFO - Task exited with return code 0
[2026-09-20T17:00:46.222+0000] {taskinstance.py:3503} INFO - 1 downstream tasks scheduled from follow-on schedule check
[2026-09-20T17:00:46.232+0000] {local_task_job_runner.py:222} INFO - ::endgroup::
